// Vitest Snapshot v1, https://vitest.dev/guide/snapshot.html

exports[`Component should match snapshot 1`] = `
<div>
  <div
    backfacevisibility="hidden"
    class="sc-blHHSb bZxzPc"
    delay="0s"
    direction="normal"
    duration="2s"
    fillmode="none"
    iterationcount="infinite"
    name="backInDown"
    opacity="1"
    playstate="running"
    timingfunction="linear"
    transformorigin="center"
  >
    <h1>
      Hello World
    </h1>
  </div>
</div>
`;
